// Jest Snapshot v1, https://goo.gl/fbAQLP

exports[`<CurrencyInput /> component Renders without error 1`] = `ShallowWrapper {}`;
